
> veyon-activitywatch-dashboard@0.1.0 dev:api
> npm run dev -w apps/api


> @veyon-aw/api@0.1.0 dev
> tsx watch src/index.ts

2026-05-31T10:33:04.849Z [[32minfo[39m]: API server running on port 4000 
2026-05-31T10:33:04.856Z [[32minfo[39m]: Health check: http://localhost:4000/api/health 
2026-05-31T10:33:07.572Z [[32minfo[39m]: ::1 - - [31/May/2026:10:33:07 +0000] "GET /api/health HTTP/1.1" 200 54 "-" "curl/8.19.0" 
2026-05-31T10:33:18.153Z [[32minfo[39m]: ::1 - - [31/May/2026:10:33:18 +0000] "POST /api/auth/login HTTP/1.1" 200 905 "-" "curl/8.19.0" 
2026-05-31T10:33:28.441Z [[32minfo[39m]: ::1 - - [31/May/2026:10:33:28 +0000] "POST /api/veyon/screen/lock HTTP/1.1" 200 65 "-" "curl/8.19.0" 
2026-05-31T10:33:38.575Z [[31merror[39m]: Unhandled error: {
  "service": "veyon-aw-api",
  "error": "timeout of 10000ms exceeded",
  "stack": "AxiosError: timeout of 10000ms exceeded\n    at createTimeoutError (file:///D:/QMS/QMS_Developement_Folder/veyon-activitywatch-dashboard/node_modules/axios/lib/adapters/http.js:593:16)\n    at RedirectableRequest.handleTimeout (file:///D:/QMS/QMS_Developement_Folder/veyon-activitywatch-dashboard/node_modules/axios/lib/adapters/http.js:1229:17)\n    at RedirectableRequest.emit (node:events:509:28)\n    at Timeout._onTimeout (D:\\QMS\\QMS_Developement_Folder\\veyon-activitywatch-dashboard\\node_modules\\follow-redirects\\index.js:233:12)\n    at listOnTimeout (node:internal/timers:605:17)\n    at process.processTimers (node:internal/timers:541:7)\n    at Axios.request (file:///D:/QMS/QMS_Developement_Folder/veyon-activitywatch-dashboard/node_modules/axios/lib/core/Axios.js:46:41)\n    at process.processTicksAndRejections (node:internal/process/task_queues:104:5)\n    at async VeyonService.authenticate (D:\\QMS\\QMS_Developement_Folder\\veyon-activitywatch-dashboard\\apps\\api\\src\\services\\veyon.ts:38:22)\n    at async VeyonService.getScreenshot (D:\\QMS\\QMS_Developement_Folder\\veyon-activitywatch-dashboard\\apps\\api\\src\\services\\veyon.ts:164:21)\n    at async <anonymous> (D:\\QMS\\QMS_Developement_Folder\\veyon-activitywatch-dashboard\\apps\\api\\src\\routes\\veyon.ts:107:24)"
}
2026-05-31T10:33:38.578Z [[32minfo[39m]: ::1 - - [31/May/2026:10:33:38 +0000] "GET /api/veyon/screen/comp-pc-001 HTTP/1.1" 500 92 "-" "curl/8.19.0" 
2026-05-31T10:34:01.056Z [[32minfo[39m]: ::1 - - [31/May/2026:10:34:01 +0000] "POST /api/auth/login HTTP/1.1" 200 905 "-" "curl/8.19.0" 
2026-05-31T10:34:01.177Z [[32minfo[39m]: ::1 - - [31/May/2026:10:34:01 +0000] "POST /api/computers HTTP/1.1" 201 350 "-" "curl/8.19.0" 
2026-05-31T10:34:09.137Z [[32minfo[39m]: ::1 - - [31/May/2026:10:34:09 +0000] "POST /api/auth/login HTTP/1.1" 200 905 "-" "curl/8.19.0" 
2026-05-31T10:34:10.423Z [[32minfo[39m]: ::1 - - [31/May/2026:10:34:10 +0000] "POST /api/veyon/screen/lock HTTP/1.1" 200 97 "-" "curl/8.19.0" 
2026-05-31T10:34:19.530Z [[32minfo[39m]: ::1 - - [31/May/2026:10:34:19 +0000] "POST /api/auth/login HTTP/1.1" 200 905 "-" "curl/8.19.0" 
2026-05-31T10:34:20.766Z [[32minfo[39m]: ::1 - - [31/May/2026:10:34:20 +0000] "POST /api/veyon/screen/unlock HTTP/1.1" 200 97 "-" "curl/8.19.0" 
2026-05-31T10:34:22.891Z [[31merror[39m]: Unhandled error: {
  "service": "veyon-aw-api",
  "error": "Request failed with status code 503",
  "stack": "AxiosError: Request failed with status code 503\n    at settle (file:///D:/QMS/QMS_Developement_Folder/veyon-activitywatch-dashboard/node_modules/axios/lib/core/settle.js:19:12)\n    at IncomingMessage.handleStreamEnd (file:///D:/QMS/QMS_Developement_Folder/veyon-activitywatch-dashboard/node_modules/axios/lib/adapters/http.js:1139:13)\n    at IncomingMessage.emit (node:events:521:24)\n    at endReadableNT (node:internal/streams/readable:1729:12)\n    at process.processTicksAndRejections (node:internal/process/task_queues:90:21)\n    at Axios.request (file:///D:/QMS/QMS_Developement_Folder/veyon-activitywatch-dashboard/node_modules/axios/lib/core/Axios.js:46:41)\n    at process.processTicksAndRejections (node:internal/process/task_queues:104:5)\n    at async VeyonService.getScreenshot (D:\\QMS\\QMS_Developement_Folder\\veyon-activitywatch-dashboard\\apps\\api\\src\\services\\veyon.ts:166:24)\n    at async <anonymous> (D:\\QMS\\QMS_Developement_Folder\\veyon-activitywatch-dashboard\\apps\\api\\src\\routes\\veyon.ts:107:24)"
}
2026-05-31T10:34:22.894Z [[32minfo[39m]: ::1 - - [31/May/2026:10:34:22 +0000] "GET /api/veyon/screen/bb2692bd-50c5-4d1e-ac3e-3720d96cf7b1 HTTP/1.1" 500 92 "-" "curl/8.19.0" 
2026-05-31T10:34:31.854Z [[32minfo[39m]: ::1 - - [31/May/2026:10:34:31 +0000] "POST /api/auth/login HTTP/1.1" 200 905 "-" "curl/8.19.0" 
2026-05-31T10:34:32.751Z [[31merror[39m]: Unhandled error: {
  "service": "veyon-aw-api",
  "error": "Request failed with status code 503",
  "stack": "AxiosError: Request failed with status code 503\n    at settle (file:///D:/QMS/QMS_Developement_Folder/veyon-activitywatch-dashboard/node_modules/axios/lib/core/settle.js:19:12)\n    at IncomingMessage.handleStreamEnd (file:///D:/QMS/QMS_Developement_Folder/veyon-activitywatch-dashboard/node_modules/axios/lib/adapters/http.js:1139:13)\n    at IncomingMessage.emit (node:events:521:24)\n    at endReadableNT (node:internal/streams/readable:1729:12)\n    at process.processTicksAndRejections (node:internal/process/task_queues:90:21)\n    at Axios.request (file:///D:/QMS/QMS_Developement_Folder/veyon-activitywatch-dashboard/node_modules/axios/lib/core/Axios.js:46:41)\n    at process.processTicksAndRejections (node:internal/process/task_queues:104:5)\n    at async VeyonService.getScreenshot (D:\\QMS\\QMS_Developement_Folder\\veyon-activitywatch-dashboard\\apps\\api\\src\\services\\veyon.ts:166:24)\n    at async <anonymous> (D:\\QMS\\QMS_Developement_Folder\\veyon-activitywatch-dashboard\\apps\\api\\src\\routes\\veyon.ts:107:24)"
}
2026-05-31T10:34:32.753Z [[32minfo[39m]: ::1 - - [31/May/2026:10:34:32 +0000] "GET /api/veyon/screen/bb2692bd-50c5-4d1e-ac3e-3720d96cf7b1 HTTP/1.1" 500 92 "-" "curl/8.19.0" 
2026-05-31T10:38:49.619Z [[32minfo[39m]: ::1 - - [31/May/2026:10:38:49 +0000] "POST /api/auth/login HTTP/1.1" 200 905 "-" "curl/8.19.0" 
2026-05-31T10:38:50.836Z [[31merror[39m]: Unhandled error: {
  "service": "veyon-aw-api",
  "error": "Request failed with status code 503",
  "stack": "AxiosError: Request failed with status code 503\n    at settle (file:///D:/QMS/QMS_Developement_Folder/veyon-activitywatch-dashboard/node_modules/axios/lib/core/settle.js:19:12)\n    at IncomingMessage.handleStreamEnd (file:///D:/QMS/QMS_Developement_Folder/veyon-activitywatch-dashboard/node_modules/axios/lib/adapters/http.js:1139:13)\n    at IncomingMessage.emit (node:events:521:24)\n    at endReadableNT (node:internal/streams/readable:1729:12)\n    at process.processTicksAndRejections (node:internal/process/task_queues:90:21)\n    at Axios.request (file:///D:/QMS/QMS_Developement_Folder/veyon-activitywatch-dashboard/node_modules/axios/lib/core/Axios.js:46:41)\n    at process.processTicksAndRejections (node:internal/process/task_queues:104:5)\n    at async VeyonService.getScreenshot (D:\\QMS\\QMS_Developement_Folder\\veyon-activitywatch-dashboard\\apps\\api\\src\\services\\veyon.ts:166:24)\n    at async <anonymous> (D:\\QMS\\QMS_Developement_Folder\\veyon-activitywatch-dashboard\\apps\\api\\src\\routes\\veyon.ts:107:24)"
}
2026-05-31T10:38:50.837Z [[32minfo[39m]: ::1 - - [31/May/2026:10:38:50 +0000] "GET /api/veyon/screen/bb2692bd-50c5-4d1e-ac3e-3720d96cf7b1 HTTP/1.1" 500 92 "-" "curl/8.19.0" 
2026-05-31T10:38:52.882Z [[32minfo[39m]: ::1 - - [31/May/2026:10:38:52 +0000] "POST /api/veyon/screen/lock HTTP/1.1" 200 97 "-" "curl/8.19.0" 
2026-05-31T10:38:54.990Z [[32minfo[39m]: ::1 - - [31/May/2026:10:38:54 +0000] "POST /api/veyon/screen/unlock HTTP/1.1" 200 97 "-" "curl/8.19.0" 
2026-05-31T10:38:57.106Z [[32minfo[39m]: ::1 - - [31/May/2026:10:38:57 +0000] "POST /api/veyon/message HTTP/1.1" 200 73 "-" "curl/8.19.0" 
2026-05-31T10:39:29.455Z [[32minfo[39m]: ::1 - - [31/May/2026:10:39:29 +0000] "POST /api/auth/login HTTP/1.1" 200 905 "-" "curl/8.19.0" 
2026-05-31T10:39:29.572Z [[32minfo[39m]: ::1 - - [31/May/2026:10:39:29 +0000] "PATCH /api/computers/bb2692bd-50c5-4d1e-ac3e-3720d96cf7b1 HTTP/1.1" 200 349 "-" "curl/8.19.0" 
2026-05-31T10:39:35.820Z [[32minfo[39m]: ::1 - - [31/May/2026:10:39:35 +0000] "POST /api/auth/login HTTP/1.1" 200 905 "-" "curl/8.19.0" 
2026-05-31T10:39:36.739Z [[31merror[39m]: Unhandled error: {
  "service": "veyon-aw-api",
  "error": "Request failed with status code 503",
  "stack": "AxiosError: Request failed with status code 503\n    at settle (file:///D:/QMS/QMS_Developement_Folder/veyon-activitywatch-dashboard/node_modules/axios/lib/core/settle.js:19:12)\n    at IncomingMessage.handleStreamEnd (file:///D:/QMS/QMS_Developement_Folder/veyon-activitywatch-dashboard/node_modules/axios/lib/adapters/http.js:1139:13)\n    at IncomingMessage.emit (node:events:521:24)\n    at endReadableNT (node:internal/streams/readable:1729:12)\n    at process.processTicksAndRejections (node:internal/process/task_queues:90:21)\n    at Axios.request (file:///D:/QMS/QMS_Developement_Folder/veyon-activitywatch-dashboard/node_modules/axios/lib/core/Axios.js:46:41)\n    at process.processTicksAndRejections (node:internal/process/task_queues:104:5)\n    at async VeyonService.getScreenshot (D:\\QMS\\QMS_Developement_Folder\\veyon-activitywatch-dashboard\\apps\\api\\src\\services\\veyon.ts:166:24)\n    at async <anonymous> (D:\\QMS\\QMS_Developement_Folder\\veyon-activitywatch-dashboard\\apps\\api\\src\\routes\\veyon.ts:107:24)"
}
2026-05-31T10:39:36.740Z [[32minfo[39m]: ::1 - - [31/May/2026:10:39:36 +0000] "GET /api/veyon/screen/bb2692bd-50c5-4d1e-ac3e-3720d96cf7b1 HTTP/1.1" 500 92 "-" "curl/8.19.0" 
2026-05-31T10:40:10.850Z [[32minfo[39m]: ::1 - - [31/May/2026:10:40:10 +0000] "POST /api/auth/login HTTP/1.1" 200 905 "-" "curl/8.19.0" 
2026-05-31T10:40:14.137Z [[31merror[39m]: Unhandled error: {
  "service": "veyon-aw-api",
  "error": "Request failed with status code 503",
  "stack": "AxiosError: Request failed with status code 503\n    at settle (file:///D:/QMS/QMS_Developement_Folder/veyon-activitywatch-dashboard/node_modules/axios/lib/core/settle.js:19:12)\n    at IncomingMessage.handleStreamEnd (file:///D:/QMS/QMS_Developement_Folder/veyon-activitywatch-dashboard/node_modules/axios/lib/adapters/http.js:1139:13)\n    at IncomingMessage.emit (node:events:521:24)\n    at endReadableNT (node:internal/streams/readable:1729:12)\n    at process.processTicksAndRejections (node:internal/process/task_queues:90:21)\n    at Axios.request (file:///D:/QMS/QMS_Developement_Folder/veyon-activitywatch-dashboard/node_modules/axios/lib/core/Axios.js:46:41)\n    at process.processTicksAndRejections (node:internal/process/task_queues:104:5)\n    at async VeyonService.getScreenshot (D:\\QMS\\QMS_Developement_Folder\\veyon-activitywatch-dashboard\\apps\\api\\src\\services\\veyon.ts:166:24)\n    at async <anonymous> (D:\\QMS\\QMS_Developement_Folder\\veyon-activitywatch-dashboard\\apps\\api\\src\\routes\\veyon.ts:107:24)"
}
2026-05-31T10:40:14.138Z [[32minfo[39m]: ::1 - - [31/May/2026:10:40:14 +0000] "GET /api/veyon/screen/bb2692bd-50c5-4d1e-ac3e-3720d96cf7b1 HTTP/1.1" 500 92 "-" "curl/8.19.0" 
2026-05-31T10:40:25.264Z [[32minfo[39m]: ::1 - - [31/May/2026:10:40:25 +0000] "POST /api/auth/login HTTP/1.1" 200 905 "-" "curl/8.19.0" 
2026-05-31T10:40:26.384Z [[31merror[39m]: Unhandled error: {
  "service": "veyon-aw-api",
  "error": "Request failed with status code 503",
  "stack": "AxiosError: Request failed with status code 503\n    at settle (file:///D:/QMS/QMS_Developement_Folder/veyon-activitywatch-dashboard/node_modules/axios/lib/core/settle.js:19:12)\n    at IncomingMessage.handleStreamEnd (file:///D:/QMS/QMS_Developement_Folder/veyon-activitywatch-dashboard/node_modules/axios/lib/adapters/http.js:1139:13)\n    at IncomingMessage.emit (node:events:521:24)\n    at endReadableNT (node:internal/streams/readable:1729:12)\n    at process.processTicksAndRejections (node:internal/process/task_queues:90:21)\n    at Axios.request (file:///D:/QMS/QMS_Developement_Folder/veyon-activitywatch-dashboard/node_modules/axios/lib/core/Axios.js:46:41)\n    at process.processTicksAndRejections (node:internal/process/task_queues:104:5)\n    at async VeyonService.getScreenshot (D:\\QMS\\QMS_Developement_Folder\\veyon-activitywatch-dashboard\\apps\\api\\src\\services\\veyon.ts:166:24)\n    at async <anonymous> (D:\\QMS\\QMS_Developement_Folder\\veyon-activitywatch-dashboard\\apps\\api\\src\\routes\\veyon.ts:107:24)"
}
2026-05-31T10:40:26.386Z [[32minfo[39m]: ::1 - - [31/May/2026:10:40:26 +0000] "GET /api/veyon/screen/bb2692bd-50c5-4d1e-ac3e-3720d96cf7b1 HTTP/1.1" 500 92 "-" "curl/8.19.0" 
4:11:13 pm [tsx] change in ./src\services\veyon.ts Restarting...
c4:11:19 pm [tsx] change in ./src\services\veyon.ts Restarting...
cnode:events:487
      throw er; // Unhandled 'error' event
      ^

Error: listen EADDRINUSE: address already in use :::4000
    at Server.setupListenHandle [as _listen2] (node:net:2008:16)
    at listenInCluster (node:net:2065:12)
    at Server.listen (node:net:2170:7)
    at <anonymous> (D:\QMS\QMS_Developement_Folder\veyon-activitywatch-dashboard\apps\api\src\index.ts:82:12)
    at ModuleJob.run (node:internal/modules/esm/module_job:437:25)
    at async node:internal/modules/esm/loader:639:26
    at async asyncRunEntryPointWithESMLoader (node:internal/modules/run_main:101:5)
Emitted 'error' event on Server instance at:
    at emitErrorNT (node:net:2044:8)
    at process.processTicksAndRejections (node:internal/process/task_queues:90:21) {
  code: 'EADDRINUSE',
  errno: -4091,
  syscall: 'listen',
  address: '::',
  port: 4000
}

Node.js v24.15.0
