
> veyon-activitywatch-dashboard@0.1.0 dev:api
> npm run dev -w apps/api


> @veyon-aw/api@0.1.0 dev
> tsx watch src/index.ts

2026-05-31T09:59:05.253Z [[32minfo[39m]: API server running on port 4000 
2026-05-31T09:59:05.261Z [[32minfo[39m]: Health check: http://localhost:4000/api/health 
3:33:32 pm [tsx] change in ./src\services\veyon.ts Restarting...
cD:\QMS\QMS_Developement_Folder\veyon-activitywatch-dashboard\apps\api\src\services\veyon.ts:6
import { VEYON_COMMANDS, VEYON_FEATURE_NAMES, VEYON_COMMAND_TIMEOUTS } from '@veyon-aw/shared';
                         ^
SyntaxError: The requested module '@veyon-aw/shared' does not provide an export named 'VEYON_FEATURE_NAMES'
    at #asyncInstantiate (node:internal/modules/esm/module_job:326:21)
    at async ModuleJob.run (node:internal/modules/esm/module_job:429:5)
    at async node:internal/modules/esm/loader:639:26
    at async asyncRunEntryPointWithESMLoader (node:internal/modules/run_main:101:5)

Node.js v24.15.0
3:33:42 pm [tsx] change in ./..\..\packages\shared\dist\constants\veyon-commands.js Rerunning...
c2026-05-31T10:03:46.969Z [[32minfo[39m]: API server running on port 4000 
2026-05-31T10:03:46.977Z [[32minfo[39m]: Health check: http://localhost:4000/api/health 
3:36:56 pm [tsx] change in ./src\routes\veyon.ts Rerunning...
cnode:events:487
      throw er; // Unhandled 'error' event
      ^

Error: listen EADDRINUSE: address already in use :::4000
    at Server.setupListenHandle [as _listen2] (node:net:2008:16)
    at listenInCluster (node:net:2065:12)
    at Server.listen (node:net:2170:7)
    at <anonymous> (D:\QMS\QMS_Developement_Folder\veyon-activitywatch-dashboard\apps\api\src\index.ts:82:12)
    at ModuleJob.run (node:internal/modules/esm/module_job:437:25)
    at async node:internal/modules/esm/loader:639:26
    at async asyncRunEntryPointWithESMLoader (node:internal/modules/run_main:101:5)
Emitted 'error' event on Server instance at:
    at emitErrorNT (node:net:2044:8)
    at process.processTicksAndRejections (node:internal/process/task_queues:90:21) {
  code: 'EADDRINUSE',
  errno: -4091,
  syscall: 'listen',
  address: '::',
  port: 4000
}

Node.js v24.15.0
3:37:24 pm [tsx] change in ./src\services\veyon.ts Rerunning...
c2026-05-31T10:07:28.774Z [[32minfo[39m]: API server running on port 4000 
2026-05-31T10:07:28.786Z [[32minfo[39m]: Health check: http://localhost:4000/api/health 
2026-05-31T10:07:34.974Z [[32minfo[39m]: ::1 - - [31/May/2026:10:07:34 +0000] "POST /api/auth/login HTTP/1.1" 200 905 "-" "curl/8.19.0" 
2026-05-31T10:07:50.111Z [[31merror[39m]: Veyon command failed: {
  "service": "veyon-aw-api",
  "command": "feature start \"PC-001\" ScreenLock",
  "error": {
    "code": null,
    "killed": true,
    "signal": "SIGTERM",
    "cmd": "\"C:\\Program Files\\Veyon\\veyon-cli.exe\" feature start \"PC-001\" ScreenLock",
    "stdout": "",
    "stderr": ""
  }
}
2026-05-31T10:07:50.114Z [[32minfo[39m]: ::1 - - [31/May/2026:10:07:50 +0000] "POST /api/veyon/screen/lock HTTP/1.1" 200 28 "-" "curl/8.19.0" 
3:39:01 pm [tsx] change in ./src\routes\veyon.ts Rerunning...
c2026-05-31T10:09:05.529Z [[32minfo[39m]: API server running on port 4000 
2026-05-31T10:09:05.540Z [[32minfo[39m]: Health check: http://localhost:4000/api/health 
2026-05-31T10:09:08.601Z [[32minfo[39m]: ::1 - - [31/May/2026:10:09:08 +0000] "POST /api/auth/login HTTP/1.1" 200 905 "-" "curl/8.19.0" 
2026-05-31T10:09:08.872Z [[31merror[39m]: Unhandled error: {
  "service": "veyon-aw-api",
  "error": "buckets is not iterable",
  "stack": "TypeError: buckets is not iterable\n    at ActivityWatchService.getProductivityMetrics (D:\\QMS\\QMS_Developement_Folder\\veyon-activitywatch-dashboard\\apps\\api\\src\\services\\activitywatch.ts:104:26)\n    at process.processTicksAndRejections (node:internal/process/task_queues:104:5)\n    at async ActivityWatchService.getActivitySummary (D:\\QMS\\QMS_Developement_Folder\\veyon-activitywatch-dashboard\\apps\\api\\src\\services\\activitywatch.ts:171:21)\n    at async <anonymous> (D:\\QMS\\QMS_Developement_Folder\\veyon-activitywatch-dashboard\\apps\\api\\src\\routes\\activity.ts:41:21)"
}
2026-05-31T10:09:08.876Z [[32minfo[39m]: ::1 - - [31/May/2026:10:09:08 +0000] "GET /api/activity/summary?period=day HTTP/1.1" 500 92 "-" "curl/8.19.0" 
2026-05-31T10:09:08.951Z [[32minfo[39m]: ::1 - - [31/May/2026:10:09:08 +0000] "GET /api/activity/buckets HTTP/1.1" 200 668 "-" "curl/8.19.0" 
3:40:04 pm [tsx] change in ./src\services\activitywatch.ts Rerunning...
cnode:events:487
      throw er; // Unhandled 'error' event
      ^

Error: listen EADDRINUSE: address already in use :::4000
    at Server.setupListenHandle [as _listen2] (node:net:2008:16)
    at listenInCluster (node:net:2065:12)
    at Server.listen (node:net:2170:7)
    at <anonymous> (D:\QMS\QMS_Developement_Folder\veyon-activitywatch-dashboard\apps\api\src\index.ts:82:12)
    at ModuleJob.run (node:internal/modules/esm/module_job:437:25)
    at async node:internal/modules/esm/loader:639:26
    at async asyncRunEntryPointWithESMLoader (node:internal/modules/run_main:101:5)
Emitted 'error' event on Server instance at:
    at emitErrorNT (node:net:2044:8)
    at process.processTicksAndRejections (node:internal/process/task_queues:90:21) {
  code: 'EADDRINUSE',
  errno: -4091,
  syscall: 'listen',
  address: '::',
  port: 4000
}

Node.js v24.15.0
4:02:28 pm [tsx] change in ./src\config\index.ts Rerunning...
cnode:events:487
      throw er; // Unhandled 'error' event
      ^

Error: listen EADDRINUSE: address already in use :::4000
    at Server.setupListenHandle [as _listen2] (node:net:2008:16)
    at listenInCluster (node:net:2065:12)
    at Server.listen (node:net:2170:7)
    at <anonymous> (D:\QMS\QMS_Developement_Folder\veyon-activitywatch-dashboard\apps\api\src\index.ts:82:12)
    at ModuleJob.run (node:internal/modules/esm/module_job:437:25)
    at async node:internal/modules/esm/loader:639:26
    at async asyncRunEntryPointWithESMLoader (node:internal/modules/run_main:101:5)
Emitted 'error' event on Server instance at:
    at emitErrorNT (node:net:2044:8)
    at process.processTicksAndRejections (node:internal/process/task_queues:90:21) {
  code: 'EADDRINUSE',
  errno: -4091,
  syscall: 'listen',
  address: '::',
  port: 4000
}

Node.js v24.15.0
4:02:41 pm [tsx] change in ./src\services\veyon.ts Rerunning...
c2026-05-31T10:32:47.110Z [[33mwarn[39m]: Veyon private key not found at 
node:events:487
      throw er; // Unhandled 'error' event
      ^

Error: listen EADDRINUSE: address already in use :::4000
    at Server.setupListenHandle [as _listen2] (node:net:2008:16)
    at listenInCluster (node:net:2065:12)
    at Server.listen (node:net:2170:7)
    at <anonymous> (D:\QMS\QMS_Developement_Folder\veyon-activitywatch-dashboard\apps\api\src\index.ts:82:12)
    at ModuleJob.run (node:internal/modules/esm/module_job:437:25)
    at async node:internal/modules/esm/loader:639:26
    at async asyncRunEntryPointWithESMLoader (node:internal/modules/run_main:101:5)
Emitted 'error' event on Server instance at:
    at emitErrorNT (node:net:2044:8)
    at process.processTicksAndRejections (node:internal/process/task_queues:90:21) {
  code: 'EADDRINUSE',
  errno: -4091,
  syscall: 'listen',
  address: '::',
  port: 4000
}

Node.js v24.15.0
4:11:13 pm [tsx] change in ./src\services\veyon.ts Rerunning...
c4:11:19 pm [tsx] change in ./src\services\veyon.ts Restarting...
c2026-05-31T10:41:24.710Z [[32minfo[39m]: API server running on port 4000 
2026-05-31T10:41:24.721Z [[32minfo[39m]: Health check: http://localhost:4000/api/health 
2026-05-31T10:41:30.699Z [[32minfo[39m]: ::1 - - [31/May/2026:10:41:30 +0000] "POST /api/auth/login HTTP/1.1" 200 905 "-" "curl/8.19.0" 
2026-05-31T10:41:32.686Z [[32minfo[39m]: ::1 - - [31/May/2026:10:41:32 +0000] "GET /api/veyon/screen/bb2692bd-50c5-4d1e-ac3e-3720d96cf7b1 HTTP/1.1" 200 22399 "-" "curl/8.19.0" 
2026-05-31T10:41:42.416Z [[32minfo[39m]: ::1 - - [31/May/2026:10:41:42 +0000] "POST /api/auth/login HTTP/1.1" 200 905 "-" "curl/8.19.0" 
2026-05-31T10:41:44.450Z [[32minfo[39m]: ::1 - - [31/May/2026:10:41:44 +0000] "GET /api/veyon/screen/bb2692bd-50c5-4d1e-ac3e-3720d96cf7b1 HTTP/1.1" 200 28579 "-" "curl/8.19.0" 
2026-05-31T10:41:44.866Z [[32minfo[39m]: ::1 - - [31/May/2026:10:41:44 +0000] "POST /api/veyon/screen/lock HTTP/1.1" 200 97 "-" "curl/8.19.0" 
2026-05-31T10:41:45.259Z [[32minfo[39m]: ::1 - - [31/May/2026:10:41:45 +0000] "POST /api/veyon/screen/unlock HTTP/1.1" 200 97 "-" "curl/8.19.0" 
2026-05-31T10:41:45.650Z [[32minfo[39m]: ::1 - - [31/May/2026:10:41:45 +0000] "POST /api/veyon/message HTTP/1.1" 200 73 "-" "curl/8.19.0" 
2026-05-31T10:41:55.808Z [[32minfo[39m]: ::1 - - [31/May/2026:10:41:55 +0000] "POST /api/auth/login HTTP/1.1" 200 905 "-" "curl/8.19.0" 
2026-05-31T10:41:56.032Z [[32minfo[39m]: ::1 - - [31/May/2026:10:41:56 +0000] "GET /api/activitywatch/status HTTP/1.1" 404 163 "-" "curl/8.19.0" 
