
> veyon-activitywatch-dashboard@0.1.0 dev:api
> npm run dev -w apps/api


> @veyon-aw/api@0.1.0 dev
> tsx watch src/index.ts

2026-05-31T10:04:00.100Z [[32minfo[39m]: API server running on port 4000 
2026-05-31T10:04:00.109Z [[32minfo[39m]: Health check: http://localhost:4000/api/health 
2026-05-31T10:06:27.392Z [[32minfo[39m]: ::1 - - [31/May/2026:10:06:27 +0000] "POST /api/auth/login HTTP/1.1" 200 905 "-" "curl/8.19.0" 
2026-05-31T10:06:27.501Z [[32minfo[39m]: ::1 - - [31/May/2026:10:06:27 +0000] "POST /api/veyon/comp-pc-001/lock HTTP/1.1" 404 166 "-" "curl/8.19.0" 
3:36:56 pm [tsx] change in ./src\routes\veyon.ts Restarting...
c2026-05-31T10:07:00.248Z [[32minfo[39m]: API server running on port 4000 
2026-05-31T10:07:00.259Z [[32minfo[39m]: Health check: http://localhost:4000/api/health 
2026-05-31T10:07:03.126Z [[32minfo[39m]: ::1 - - [31/May/2026:10:07:03 +0000] "POST /api/auth/login HTTP/1.1" 200 905 "-" "curl/8.19.0" 
2026-05-31T10:07:03.279Z [[31merror[39m]: Veyon command failed: {
  "service": "veyon-aw-api",
  "command": "feature start \"PC-001\" ScreenLock",
  "error": {
    "code": 1,
    "killed": false,
    "signal": null,
    "cmd": "C:\\Program Files\\Veyon\\veyon-cli.exe feature start \"PC-001\" ScreenLock",
    "stdout": "",
    "stderr": "'C:\\Program' is not recognized as an internal or external command,\r\noperable program or batch file.\r\n"
  }
}
2026-05-31T10:07:03.281Z [[32minfo[39m]: ::1 - - [31/May/2026:10:07:03 +0000] "POST /api/veyon/screen/lock HTTP/1.1" 200 28 "-" "curl/8.19.0" 
3:37:24 pm [tsx] change in ./src\services\veyon.ts Restarting...
cnode:events:487
      throw er; // Unhandled 'error' event
      ^

Error: listen EADDRINUSE: address already in use :::4000
    at Server.setupListenHandle [as _listen2] (node:net:2008:16)
    at listenInCluster (node:net:2065:12)
    at Server.listen (node:net:2170:7)
    at <anonymous> (D:\QMS\QMS_Developement_Folder\veyon-activitywatch-dashboard\apps\api\src\index.ts:82:12)
    at ModuleJob.run (node:internal/modules/esm/module_job:437:25)
    at async node:internal/modules/esm/loader:639:26
    at async asyncRunEntryPointWithESMLoader (node:internal/modules/run_main:101:5)
Emitted 'error' event on Server instance at:
    at emitErrorNT (node:net:2044:8)
    at process.processTicksAndRejections (node:internal/process/task_queues:90:21) {
  code: 'EADDRINUSE',
  errno: -4091,
  syscall: 'listen',
  address: '::',
  port: 4000
}

Node.js v24.15.0
3:39:01 pm [tsx] change in ./src\routes\veyon.ts Rerunning...
cnode:events:487
      throw er; // Unhandled 'error' event
      ^

Error: listen EADDRINUSE: address already in use :::4000
    at Server.setupListenHandle [as _listen2] (node:net:2008:16)
    at listenInCluster (node:net:2065:12)
    at Server.listen (node:net:2170:7)
    at <anonymous> (D:\QMS\QMS_Developement_Folder\veyon-activitywatch-dashboard\apps\api\src\index.ts:82:12)
    at ModuleJob.run (node:internal/modules/esm/module_job:437:25)
    at async node:internal/modules/esm/loader:639:26
    at async asyncRunEntryPointWithESMLoader (node:internal/modules/run_main:101:5)
Emitted 'error' event on Server instance at:
    at emitErrorNT (node:net:2044:8)
    at process.processTicksAndRejections (node:internal/process/task_queues:90:21) {
  code: 'EADDRINUSE',
  errno: -4091,
  syscall: 'listen',
  address: '::',
  port: 4000
}

Node.js v24.15.0
3:40:04 pm [tsx] change in ./src\services\activitywatch.ts Rerunning...
c2026-05-31T10:10:09.554Z [[32minfo[39m]: API server running on port 4000 
2026-05-31T10:10:09.565Z [[32minfo[39m]: Health check: http://localhost:4000/api/health 
4:02:28 pm [tsx] change in ./src\config\index.ts Rerunning...
cnode:events:487
      throw er; // Unhandled 'error' event
      ^

Error: listen EADDRINUSE: address already in use :::4000
    at Server.setupListenHandle [as _listen2] (node:net:2008:16)
    at listenInCluster (node:net:2065:12)
    at Server.listen (node:net:2170:7)
    at <anonymous> (D:\QMS\QMS_Developement_Folder\veyon-activitywatch-dashboard\apps\api\src\index.ts:82:12)
    at ModuleJob.run (node:internal/modules/esm/module_job:437:25)
    at async node:internal/modules/esm/loader:639:26
    at async asyncRunEntryPointWithESMLoader (node:internal/modules/run_main:101:5)
Emitted 'error' event on Server instance at:
    at emitErrorNT (node:net:2044:8)
    at process.processTicksAndRejections (node:internal/process/task_queues:90:21) {
  code: 'EADDRINUSE',
  errno: -4091,
  syscall: 'listen',
  address: '::',
  port: 4000
}

Node.js v24.15.0
4:02:41 pm [tsx] change in ./src\services\veyon.ts Rerunning...
c2026-05-31T10:32:46.972Z [[33mwarn[39m]: Veyon private key not found at 
2026-05-31T10:32:47.062Z [[32minfo[39m]: API server running on port 4000 
2026-05-31T10:32:47.064Z [[32minfo[39m]: Health check: http://localhost:4000/api/health 
4:11:13 pm [tsx] change in ./src\services\veyon.ts Rerunning...
c4:11:19 pm [tsx] change in ./src\services\veyon.ts Restarting...
cnode:events:487
      throw er; // Unhandled 'error' event
      ^

Error: listen EADDRINUSE: address already in use :::4000
    at Server.setupListenHandle [as _listen2] (node:net:2008:16)
    at listenInCluster (node:net:2065:12)
    at Server.listen (node:net:2170:7)
    at <anonymous> (D:\QMS\QMS_Developement_Folder\veyon-activitywatch-dashboard\apps\api\src\index.ts:82:12)
    at ModuleJob.run (node:internal/modules/esm/module_job:437:25)
    at async node:internal/modules/esm/loader:639:26
    at async asyncRunEntryPointWithESMLoader (node:internal/modules/run_main:101:5)
Emitted 'error' event on Server instance at:
    at emitErrorNT (node:net:2044:8)
    at process.processTicksAndRejections (node:internal/process/task_queues:90:21) {
  code: 'EADDRINUSE',
  errno: -4091,
  syscall: 'listen',
  address: '::',
  port: 4000
}

Node.js v24.15.0
